src/components/layout/AppLayout.tsx(1,1): error TS6133: 'React' is declared but its value is never read.
src/components/layout/BottomNav.tsx(1,1): error TS6133: 'React' is declared but its value is never read.
src/components/layout/Sidebar.tsx(1,1): error TS6133: 'React' is declared but its value is never read.
src/components/rooms/RoomCard.tsx(1,1): error TS6133: 'React' is declared but its value is never read.
src/components/rooms/RoomCard.tsx(3,1): error TS6133: 'motion' is declared but its value is never read.
src/components/ui/Button.tsx(2,1): error TS6133: 'ButtonHTMLAttributes' is declared but its value is never read.
